python : INFO:digink_se
rvice:Requesting new 
DigInk access token...
At line:1 char:1
+ python backend/test_d
igink_create.py > 
test_output.txt 2>&1
+ ~~~~~~~~~~~~~~~~~~~~~
~~~~~~~~~~~~~~~~~~~~~~~
~~~~~~~~~~~~~~~
    + CategoryInfo     
         : 
NotSpecified: (I    
NFO:digink_ser...acce  
  ss token...:String) 
[    ], RemoteException
    + 
FullyQualifiedError    
Id : NativeCommandErr  
  or
 
INFO:httpx:HTTP 
Request: POST https://a
pi.digink.oxinus.io/api
/applications/token 
"HTTP/1.1 200 OK"
INFO:digink_service:New
 DigInk token acquired 
successfully.
INFO:digink_service:Upl
oading document 'E2E 
Test - Rani Signature' 
(MIME: text/plain) to 
DigInk...
INFO:httpx:HTTP 
Request: POST https://a
pi.digink.oxinus.io/api
/client/757c3044-4c75-4
33e-bd4d-edcdb1e4028e/d
ocuments "HTTP/1.1 200 
OK"
INFO:digink_service:Doc
ument created 
successfully: 02f7f559-
9946-4850-9969-e9c25f2a
95bc
Testing DigInk document creation with test_doc.txt...

API Response: {'title': 'E2E Test - Rani Signature', 'owner_email': 'Aastha.Pradhan@apeiro.digital', 'status': 'draft', 'recipients': [{'email': 'Aastha.Pradhan@apeiro.digital', 'name': 'Aastha Pradhan', 'status': 'pending', 'consent_accepted': None, 'consent_timestamp': None, 'signing_order': None}], 'fields': [{'id': None, 'type': 'signature', 'label': 'Signature', 'x': 400.0, 'y': 700.0, 'required': None, 'page': 1, 'recipient_email': 'Aastha.Pradhan@apeiro.digital'}], 'application_id': '757c3044-4c75-433e-bd4d-edcdb1e4028e', 'provider': 'internal', 'external_id': None, 'enforce_signing_order': False, 'expiry_date': '2026-07-28T09:15:12.881868Z', 'note': None, 'auto_notifications': True, 'custom_field': None, 'id': '02f7f559-9946-4850-9969-e9c25f2a95bc', 'file_path': 's3://esign-documents/0a927118-2aa5-442c-8fe6-b6da01d76351-test_doc.txt', 'signed_file_path': None, 'minio_etag': 'b6a38ffa94dd76fba7e54babfdc64a37', 'created_at': '2026-03-30T09:15:12.865878Z', 'signed_at': None, 'signed_by': None, 'blockchain_enabled': False, 'updated_at': '2026-03-30T09:15:12.865878Z'}

Success! DigInk Document ID: 02f7f559-9946-4850-9969-e9c25f2a95bc
